This is pdfTeX, Version 3.141592653-2.6-1.40.29 (TeX Live 2026) (preloaded format=pdflatex 2026.3.22)  20 APR 2026 12:42
entering extended mode
 restricted \write18 enabled.
 %&-line parsing enabled.
**Thesis_draft_1.tex
(./Thesis_draft_1.tex
LaTeX2e <2025-11-01>
L3 programming layer <2026-01-19>
(/usr/local/texlive/2026/texmf-dist/tex/latex/base/report.cls
Document Class: report 2025/01/22 v1.4n Standard LaTeX document class
(/usr/local/texlive/2026/texmf-dist/tex/latex/base/size10.clo
File: size10.clo 2025/01/22 v1.4n Standard LaTeX file (size option)
)
\c@part=\count275
\c@chapter=\count276
\c@section=\count277
\c@subsection=\count278
\c@subsubsection=\count279
\c@paragraph=\count280
\c@subparagraph=\count281
\c@figure=\count282
\c@table=\count283
\abovecaptionskip=\skip49
\belowcaptionskip=\skip50
\bibindent=\dimen148
)
(/usr/local/texlive/2026/texmf-dist/tex/latex/geometry/geometry.sty
Package: geometry 2026/03/07 v6.0 Page Geometry

(/usr/local/texlive/2026/texmf-dist/tex/latex/graphics/keyval.sty
Package: keyval 2022/05/29 v1.15 key=value parser (DPC)
\KV@toks@=\toks17
)
(/usr/local/texlive/2026/texmf-dist/tex/generic/iftex/ifvtex.sty
Package: ifvtex 2019/10/25 v1.7 ifvtex legacy package. Use iftex instead.

(/usr/local/texlive/2026/texmf-dist/tex/generic/iftex/iftex.sty
Package: iftex 2024/12/12 v1.0g TeX engine tests
))
\Gm@cnth=\count284
\Gm@cntv=\count285
\c@Gm@tempcnt=\count286
\Gm@bindingoffset=\dimen149
\Gm@wd@mp=\dimen150
\Gm@odd@mp=\dimen151
\Gm@even@mp=\dimen152
\Gm@layoutwidth=\dimen153
\Gm@layoutheight=\dimen154
\Gm@layouthoffset=\dimen155
\Gm@layoutvoffset=\dimen156
\Gm@dimlist=\toks18
)
(/usr/local/texlive/2026/texmf-dist/tex/latex/setspace/setspace.sty
Package: setspace 2022/12/04 v6.7b set line spacing
)
(/usr/local/texlive/2026/texmf-dist/tex/latex/amsmath/amsmath.sty
Package: amsmath 2025/07/09 v2.17z AMS math features
\@mathmargin=\skip51

For additional information on amsmath, use the `?' option.
(/usr/local/texlive/2026/texmf-dist/tex/latex/amsmath/amstext.sty
Package: amstext 2024/11/17 v2.01 AMS text

(/usr/local/texlive/2026/texmf-dist/tex/latex/amsmath/amsgen.sty
File: amsgen.sty 1999/11/30 v2.0 generic functions
\@emptytoks=\toks19
\ex@=\dimen157
))
(/usr/local/texlive/2026/texmf-dist/tex/latex/amsmath/amsbsy.sty
Package: amsbsy 1999/11/29 v1.2d Bold Symbols
\pmbraise@=\dimen158
)
(/usr/local/texlive/2026/texmf-dist/tex/latex/amsmath/amsopn.sty
Package: amsopn 2022/04/08 v2.04 operator names
)
\inf@bad=\count287
LaTeX Info: Redefining \frac on input line 233.
\uproot@=\count288
\leftroot@=\count289
LaTeX Info: Redefining \overline on input line 398.
LaTeX Info: Redefining \colon on input line 409.
\classnum@=\count290
\DOTSCASE@=\count291
LaTeX Info: Redefining \ldots on input line 495.
LaTeX Info: Redefining \dots on input line 498.
LaTeX Info: Redefining \cdots on input line 619.
\Mathstrutbox@=\box53
\strutbox@=\box54
LaTeX Info: Redefining \big on input line 721.
LaTeX Info: Redefining \Big on input line 722.
LaTeX Info: Redefining \bigg on input line 723.
LaTeX Info: Redefining \Bigg on input line 724.
\big@size=\dimen159
LaTeX Font Info:    Redeclaring font encoding OML on input line 742.
LaTeX Font Info:    Redeclaring font encoding OMS on input line 743.
\macc@depth=\count292
LaTeX Info: Redefining \bmod on input line 904.
LaTeX Info: Redefining \pmod on input line 909.
LaTeX Info: Redefining \smash on input line 939.
LaTeX Info: Redefining \relbar on input line 969.
LaTeX Info: Redefining \Relbar on input line 970.
\c@MaxMatrixCols=\count293
\dotsspace@=\muskip17
\c@parentequation=\count294
\dspbrk@lvl=\count295
\tag@help=\toks20
\row@=\count296
\column@=\count297
\maxfields@=\count298
\andhelp@=\toks21
\eqnshift@=\dimen160
\alignsep@=\dimen161
\tagshift@=\dimen162
\tagwidth@=\dimen163
\totwidth@=\dimen164
\lineht@=\dimen165
\@envbody=\toks22
\multlinegap=\skip52
\multlinetaggap=\skip53
\mathdisplay@stack=\toks23
LaTeX Info: Redefining \[ on input line 2950.
LaTeX Info: Redefining \] on input line 2951.
)
(/usr/local/texlive/2026/texmf-dist/tex/latex/amscls/amsthm.sty
Package: amsthm 2020/05/29 v2.20.6
\thm@style=\toks24
\thm@bodyfont=\toks25
\thm@headfont=\toks26
\thm@notefont=\toks27
\thm@headpunct=\toks28
\thm@preskip=\skip54
\thm@postskip=\skip55
\thm@headsep=\skip56
\dth@everypar=\toks29
)
(/usr/local/texlive/2026/texmf-dist/tex/latex/amsfonts/amssymb.sty
Package: amssymb 2013/01/14 v3.01 AMS font symbols

(/usr/local/texlive/2026/texmf-dist/tex/latex/amsfonts/amsfonts.sty
Package: amsfonts 2013/01/14 v3.01 Basic AMSFonts support
\symAMSa=\mathgroup4
\symAMSb=\mathgroup5
LaTeX Font Info:    Redeclaring math symbol \hbar on input line 98.
LaTeX Font Info:    Overwriting math alphabet `\mathfrak' in version `bold'
(Font)                  U/euf/m/n --> U/euf/b/n on input line 106.
))
(/usr/local/texlive/2026/texmf-dist/tex/latex/graphics/rotating.sty
Package: rotating 2025/01/14 v2.16e rotated objects in LaTeX

(/usr/local/texlive/2026/texmf-dist/tex/latex/graphics/graphicx.sty
Package: graphicx 2024/12/31 v1.2e Enhanced LaTeX Graphics (DPC,SPQR)

(/usr/local/texlive/2026/texmf-dist/tex/latex/graphics/graphics.sty
Package: graphics 2024/08/06 v1.4g Standard LaTeX Graphics (DPC,SPQR)

(/usr/local/texlive/2026/texmf-dist/tex/latex/graphics/trig.sty
Package: trig 2023/12/02 v1.11 sin cos tan (DPC)
)
(/usr/local/texlive/2026/texmf-dist/tex/latex/graphics-cfg/graphics.cfg
File: graphics.cfg 2016/06/04 v1.11 sample graphics configuration
)
Package graphics Info: Driver file: pdftex.def on input line 106.

(/usr/local/texlive/2026/texmf-dist/tex/latex/graphics-def/pdftex.def
File: pdftex.def 2025/09/29 v1.2d Graphics/color driver for pdftex
))
\Gin@req@height=\dimen166
\Gin@req@width=\dimen167
)
(/usr/local/texlive/2026/texmf-dist/tex/latex/base/ifthen.sty
Package: ifthen 2024/03/16 v1.1e Standard LaTeX ifthen package (DPC)
)
\c@r@tfl@t=\count299
\rotFPtop=\skip57
\rotFPbot=\skip58
\rot@float@box=\box55
\rot@mess@toks=\toks30
)
(/usr/local/texlive/2026/texmf-dist/tex/latex/graphics/color.sty
Package: color 2025/01/14 v1.3e Standard LaTeX Color (DPC)

(/usr/local/texlive/2026/texmf-dist/tex/latex/graphics-cfg/color.cfg
File: color.cfg 2016/01/02 v1.6 sample color configuration
)
Package color Info: Driver file: pdftex.def on input line 149.

(/usr/local/texlive/2026/texmf-dist/tex/latex/graphics/mathcolor.ltx))
(/usr/local/texlive/2026/texmf-dist/tex/latex/float/float.sty
Package: float 2001/11/08 v1.3d Float enhancements (AL)
\c@float@type=\count300
\float@exts=\toks31
\float@box=\box56
\@float@everytoks=\toks32
\@floatcapt=\box57
)
(/usr/local/texlive/2026/texmf-dist/tex/latex/wasysym/wasysym.sty
Package: wasysym 2020/01/19 v2.4 Wasy-2 symbol support package
\symwasy=\mathgroup6
LaTeX Font Info:    Overwriting symbol font `wasy' in version `bold'
(Font)                  U/wasy/m/n --> U/wasy/b/n on input line 93.
)
(/usr/local/texlive/2026/texmf-dist/tex/latex/algorithmicx/algorithmicx.sty
Package: algorithmicx 2005/04/27 v1.2 Algorithmicx

Document Style algorithmicx 1.2 - a greatly improved `algorithmic' style
\c@ALG@line=\count301
\c@ALG@rem=\count302
\c@ALG@nested=\count303
\ALG@tlm=\skip59
\ALG@thistlm=\skip60
\c@ALG@Lnr=\count304
\c@ALG@blocknr=\count305
\c@ALG@storecount=\count306
\c@ALG@tmpcounter=\count307
\ALG@tmplength=\skip61
) (/usr/local/texlive/2026/texmf-dist/tex/latex/algorithms/algorithm.sty
Package: algorithm 2009/08/24 v0.1 Document Style `algorithm' - floating enviro
nment
\@float@every@algorithm=\toks33
\c@algorithm=\count308
)
(/usr/local/texlive/2026/texmf-dist/tex/latex/algorithmicx/algpseudocode.sty
Package: algpseudocode 

Document Style - pseudocode environments for use with the `algorithmicx' style
) (/usr/local/texlive/2026/texmf-dist/tex/latex/listings/listings.sty
\lst@mode=\count309
\lst@gtempboxa=\box58
\lst@token=\toks34
\lst@length=\count310
\lst@currlwidth=\dimen168
\lst@column=\count311
\lst@pos=\count312
\lst@lostspace=\dimen169
\lst@width=\dimen170
\lst@newlines=\count313
\lst@lineno=\count314
\lst@maxwidth=\dimen171

(/usr/local/texlive/2026/texmf-dist/tex/latex/listings/lstpatch.sty
File: lstpatch.sty 2025/11/14 1.11b (Carsten Heinz)
)
(/usr/local/texlive/2026/texmf-dist/tex/latex/listings/lstmisc.sty
File: lstmisc.sty 2025/11/14 1.11b (Carsten Heinz)
\c@lstnumber=\count315
\lst@skipnumbers=\count316
\lst@framebox=\box59
)
(/usr/local/texlive/2026/texmf-dist/tex/latex/listings/listings.cfg
File: listings.cfg 2025/11/14 1.11b listings configuration
))
Package: listings 2025/11/14 1.11b (Carsten Heinz)

==> First Aid for listings.sty no longer applied!
    Expected:
        2024/09/23 1.10c (Carsten Heinz)
    but found:
        2025/11/14 1.11b (Carsten Heinz)
    so I'm assuming it got fixed.
(/usr/local/texlive/2026/texmf-dist/tex/latex/mathtools/empheq.sty
Package: empheq 2024/08/09 v2.17 Emphasizing equations

(/usr/local/texlive/2026/texmf-dist/tex/latex/mathtools/mhsetup.sty
Package: mhsetup 2021/03/18 v1.4 programming setup (MH)
)
(/usr/local/texlive/2026/texmf-dist/tex/latex/mathtools/mathtools.sty
Package: mathtools 2024/10/04 v1.31 mathematical typesetting tools

(/usr/local/texlive/2026/texmf-dist/tex/latex/tools/calc.sty
Package: calc 2025/03/01 v4.3b Infix arithmetic (KKT,FJ)
\calc@Acount=\count317
\calc@Bcount=\count318
\calc@Adimen=\dimen172
\calc@Bdimen=\dimen173
\calc@Askip=\skip62
\calc@Bskip=\skip63
LaTeX Info: Redefining \setlength on input line 86.
LaTeX Info: Redefining \addtolength on input line 87.
\calc@Ccount=\count319
\calc@Cskip=\skip64
)
\g_MT_multlinerow_int=\count320
\l_MT_multwidth_dim=\dimen174
\origjot=\skip65
\l_MT_shortvdotswithinadjustabove_dim=\dimen175
\l_MT_shortvdotswithinadjustbelow_dim=\dimen176
\l_MT_above_intertext_sep=\dimen177
\l_MT_below_intertext_sep=\dimen178
\l_MT_above_shortintertext_sep=\dimen179
\l_MT_below_shortintertext_sep=\dimen180
\xmathstrut@box=\box60
\xmathstrut@dim=\dimen181
)
\l_EQ_equationtype_int=\count321
\l_EQ_alignmentmode_int=\count322
\l_EQ_totalwidth_dim=\dimen182
\l_EQ_displaywidth_dim=\dimen183
\l_EQ_temp_linewidth_dim=\dimen184
\l_EQ_linewidth_dim=\dimen185
\EmphEqdelimitershortfall=\dimen186
\EmphEqdelimiterfactor=\count323
\g_EQ_toptag_height_dim=\dimen187
\g_EQ_bottomtag_depth_dim=\dimen188
\g_EQ_toprow_height_dim=\dimen189
\g_EQ_bottomrow_depth_dim=\dimen190
\g_EQ_widesttag_dim=\dimen191
\EQ_mathdisplay_box=\box61
\EQ_tag_box=\box62
\g_EQ_temprow_int=\count324
)
(/usr/local/texlive/2026/texmf-dist/tex/latex/tools/multicol.sty
Package: multicol 2025/10/21 v2.0b multicolumn formatting (FMi)
\c@tracingmulticols=\count325
\mult@box=\box63
\multicol@leftmargin=\dimen192
\c@unbalance=\count326
\c@collectmore=\count327
\doublecol@number=\count328
\multicoltolerance=\count329
\multicolpretolerance=\count330
\full@width=\dimen193
\page@free=\dimen194
\premulticols=\dimen195
\postmulticols=\dimen196
\multicolsep=\skip66
\multicolbaselineskip=\skip67
\partial@page=\box64
\last@line=\box65
\mc@boxedresult=\box66
\maxbalancingoverflow=\dimen197
\mult@rightbox=\box67
\mult@grightbox=\box68
\mult@firstbox=\box69
\mult@gfirstbox=\box70
\@tempa=\box71
\@tempa=\box72
\@tempa=\box73
\@tempa=\box74
\@tempa=\box75
\@tempa=\box76
\@tempa=\box77
\@tempa=\box78
\@tempa=\box79
\@tempa=\box80
\@tempa=\box81
\@tempa=\box82
\@tempa=\box83
\@tempa=\box84
\@tempa=\box85
\@tempa=\box86
\@tempa=\box87
\@tempa=\box88
\@tempa=\box89
\@tempa=\box90
\@tempa=\box91
\@tempa=\box92
\@tempa=\box93
\@tempa=\box94
\@tempa=\box95
\@tempa=\box96
\@tempa=\box97
\@tempa=\box98
\@tempa=\box99
\@tempa=\box100
\@tempa=\box101
\@tempa=\box102
\@tempa=\box103
\@tempa=\box104
\@tempa=\box105
\@tempa=\box106
\c@minrows=\count331
\c@columnbadness=\count332
\c@finalcolumnbadness=\count333
\last@try=\dimen198
\multicolovershoot=\dimen199
\multicolundershoot=\dimen256
\mult@nat@firstbox=\box107
\colbreak@box=\box108
\mc@col@check@num=\count334
\g__mc_curr_col_int=\count335
)
(/usr/local/texlive/2026/texmf-dist/tex/latex/l3packages/xparse/xparse.sty
(/usr/local/texlive/2026/texmf-dist/tex/latex/l3kernel/expl3.sty
Package: expl3 2026-01-19 L3 programming layer (loader) 

(/usr/local/texlive/2026/texmf-dist/tex/latex/l3backend/l3backend-pdftex.def
File: l3backend-pdftex.def 2025-10-09 L3 backend support: PDF output (pdfTeX)
\l__color_backend_stack_int=\count336
))
Package: xparse 2025-10-09 L3 Experimental document command parser
) (/usr/local/texlive/2026/texmf-dist/tex/latex/subfigure/subfigure.sty
Package: subfigure 2002/03/15 v2.1.5 subfigure package
\subfigtopskip=\skip68
\subfigcapskip=\skip69
\subfigcaptopadj=\dimen257
\subfigbottomskip=\skip70
\subfigcapmargin=\dimen258
\subfiglabelskip=\skip71
\c@subfigure=\count337
\c@lofdepth=\count338
\c@subtable=\count339
\c@lotdepth=\count340

****************************************
* Local config file subfigure.cfg used *
****************************************
(/usr/local/texlive/2026/texmf-dist/tex/latex/subfigure/subfigure.cfg)
\subfig@top=\skip72
\subfig@bottom=\skip73
)
(./Thesis_draft_1.aux)
\openout1 = `Thesis_draft_1.aux'.

LaTeX Font Info:    Checking defaults for OML/cmm/m/it on input line 24.
LaTeX Font Info:    ... okay on input line 24.
LaTeX Font Info:    Checking defaults for OMS/cmsy/m/n on input line 24.
LaTeX Font Info:    ... okay on input line 24.
LaTeX Font Info:    Checking defaults for OT1/cmr/m/n on input line 24.
LaTeX Font Info:    ... okay on input line 24.
LaTeX Font Info:    Checking defaults for T1/cmr/m/n on input line 24.
LaTeX Font Info:    ... okay on input line 24.
LaTeX Font Info:    Checking defaults for TS1/cmr/m/n on input line 24.
LaTeX Font Info:    ... okay on input line 24.
LaTeX Font Info:    Checking defaults for OMX/cmex/m/n on input line 24.
LaTeX Font Info:    ... okay on input line 24.
LaTeX Font Info:    Checking defaults for U/cmr/m/n on input line 24.
LaTeX Font Info:    ... okay on input line 24.

*geometry* driver: auto-detecting
*geometry* detected driver: pdftex
*geometry* verbose mode - [ preamble ] result:
* driver: pdftex
* paper: <default>
* layout: <same size as paper>
* layoutoffset:(h,v)=(0.0pt,0.0pt)
* modes: includehead twoside 
* h-part:(L,W,R)=(108.405pt, 433.62001pt, 72.26999pt)
* v-part:(T,H,B)=(72.26999pt, 650.43001pt, 72.26999pt)
* \paperwidth=614.295pt
* \paperheight=794.96999pt
* \textwidth=433.62001pt
* \textheight=613.43001pt
* \oddsidemargin=36.13501pt
* \evensidemargin=0.0pt
* \topmargin=0.0pt
* \headheight=12.0pt
* \headsep=25.0pt
* \topskip=10.0pt
* \footskip=30.0pt
* \marginparwidth=121.0pt
* \marginparsep=11.0pt
* \columnsep=10.0pt
* \skip\footins=9.0pt plus 4.0pt minus 2.0pt
* \hoffset=0.0pt
* \voffset=0.0pt
* \mag=1000
* \@twocolumnfalse
* \@twosidetrue
* \@mparswitchtrue
* \@reversemarginfalse
* (1in=72.27pt=25.4mm, 1cm=28.453pt)

(/usr/local/texlive/2026/texmf-dist/tex/context/base/mkii/supp-pdf.mkii
[Loading MPS to PDF converter (version 2006.09.02).]
\scratchcounter=\count341
\scratchdimen=\dimen259
\scratchbox=\box109
\nofMPsegments=\count342
\nofMParguments=\count343
\everyMPshowfont=\toks35
\MPscratchCnt=\count344
\MPscratchDim=\dimen260
\MPnumerator=\count345
\makeMPintoPDFobject=\count346
\everyMPtoPDFconversion=\toks36
) (/usr/local/texlive/2026/texmf-dist/tex/latex/epstopdf-pkg/epstopdf-base.sty
Package: epstopdf-base 2020-01-24 v2.11 Base part for package epstopdf
Package epstopdf-base Info: Redefining graphics rule for `.eps' on input line 4
85.

(/usr/local/texlive/2026/texmf-dist/tex/latex/latexconfig/epstopdf-sys.cfg
File: epstopdf-sys.cfg 2010/07/13 v1.3 Configuration of (r)epstopdf for TeX Liv
e
))
\c@lstlisting=\count347
\Hy@linkcounter=\count348
LaTeX Font Info:    Trying to load font information for U+msa on input line 30.


(/usr/local/texlive/2026/texmf-dist/tex/latex/amsfonts/umsa.fd
File: umsa.fd 2013/01/14 v3.01 AMS symbols A
)
LaTeX Font Info:    Trying to load font information for U+msb on input line 30.


(/usr/local/texlive/2026/texmf-dist/tex/latex/amsfonts/umsb.fd
File: umsb.fd 2013/01/14 v3.01 AMS symbols B
)
LaTeX Font Info:    Trying to load font information for U+wasy on input line 30
.

(/usr/local/texlive/2026/texmf-dist/tex/latex/wasysym/uwasy.fd
File: uwasy.fd 2020/01/19 v2.4 Wasy-2 symbol font definitions
) [1

{/usr/local/texlive/2026/texmf-var/fonts/map/pdftex/updmap/pdftex.map}]
(./Thesis_draft_1.toc [2

])
\tf@toc=\write3
\openout3 = `Thesis_draft_1.toc'.

 [3] (./Thesis_draft_1.lof)
\tf@lof=\write4
\openout4 = `Thesis_draft_1.lof'.

 [4

] (./Thesis_draft_1.lot)
\tf@lot=\write5
\openout5 = `Thesis_draft_1.lot'.

 [5

]
Chapter 1.
[6

]
Chapter 2.
[7

]
Chapter 3.

Underfull \vbox (badness 10000) has occurred while \output is active []

 [8

]
[9{/usr/local/texlive/2026/texmf-dist/fonts/enc/dvips/cm-super/cm-super-ts1.enc
}] [10]
Chapter 4.
[11

]
Underfull \hbox (badness 10000) in paragraph at lines 119--120

 []


Underfull \hbox (badness 10000) in paragraph at lines 121--122

 []


Underfull \hbox (badness 10000) in paragraph at lines 123--124

 []


Underfull \hbox (badness 10000) in paragraph at lines 125--126

 []

[12]
Underfull \hbox (badness 10000) in paragraph at lines 130--131

 []

[13]

LaTeX Warning: Citation `todo' on page 14 undefined on input line 143.


Underfull \hbox (badness 10000) in paragraph at lines 148--149

 []


Underfull \hbox (badness 10000) in paragraph at lines 150--151

 []

[14]
Overfull \hbox (12.6261pt too wide) in paragraph at lines 161--161
[]\OT1/cmtt/m/n/10 4 - Therapist worked with patient to set a mutually satisfac
tory agenda that included[] 
 []


Overfull \hbox (7.37614pt too wide) in paragraph at lines 161--161
[]\OT1/cmtt/m/n/10 6 - Therapist worked with patient to set an appropriate agen
da with target problems,[] 
 []


Overfull \hbox (12.6261pt too wide) in paragraph at lines 161--161
[] \OT1/cmtt/m/n/10 suitable for the available time. Established priorities and
 then followed agenda."""[] 
 []


Overfull \hbox (38.87587pt too wide) in paragraph at lines 200--200
[]    \OT1/cmtt/m/n/10 You are an expert CBT supervisor trained in the Cognitiv
e Therapy Rating Scale (CTRS).[] 
 []


Overfull \hbox (12.6261pt too wide) in paragraph at lines 200--200
[]    \OT1/cmtt/m/n/10 Your task is to analyze a therapy session transcript and
 provide global scores on[] 
 []


Overfull \hbox (12.6261pt too wide) in paragraph at lines 200--200
[]    \OT1/cmtt/m/n/10 the 11 dimensions of cognitive therapy competency based 
on the CTRS coding manual[] 
 []


Overfull \hbox (23.126pt too wide) in paragraph at lines 200--200
[]    \OT1/cmtt/m/n/10 rating. Descriptions are provided for evennumbered scale
 points. If you believe the[] 
 []


Overfull \hbox (70.3756pt too wide) in paragraph at lines 200--200
[]    \OT1/cmtt/m/n/10 therapist falls between two of the descriptors, select t
he intervening odd number (1, 3, 5).[] 
 []


Overfull \hbox (38.87587pt too wide) in paragraph at lines 200--200
[]    \OT1/cmtt/m/n/10 For example, if the therapist set a very good agenda but
 did not establish priorities,[] 
 []

[15] [16]
Overfull \hbox (54.62573pt too wide) in paragraph at lines 252--252
[] \OT1/cmtt/m/n/10 - A score of 4 or higher requires collaborative agenda-sett
ing with specific target problems[] 
 []


Overfull \hbox (12.6261pt too wide) in paragraph at lines 252--252
[] \OT1/cmtt/m/n/10 - The session topic emerged entirely from the patient's res
ponse to ""How are you?""[] 
 []


Overfull \hbox (12.6261pt too wide) in paragraph at lines 252--252
[] \OT1/cmtt/m/n/10 but does not constitute agenda-setting in the CBT sense. Th
ere was no statement like[] 
 []


Overfull \hbox (28.37596pt too wide) in paragraph at lines 252--252
[] \OT1/cmtt/m/n/10 ""Today I'd like us to work on X"" or ""What would you like
 to focus on today?"" or any[] 
 []


Overfull \hbox (49.37578pt too wide) in paragraph at lines 252--252
[] \OT1/cmtt/m/n/10 collaborative prioritization.  While the session was therap
eutically effective and followed[] 
 []


Overfull \hbox (38.87587pt too wide) in paragraph at lines 252--252
[] \OT1/cmtt/m/n/10 good CBT techniques once the topic was identified, the comp
lete absence of agenda-setting[] 
 []


Underfull \hbox (badness 10000) in paragraph at lines 256--257

 []

[17]
Underfull \hbox (badness 10000) in paragraph at lines 311--312

 []

[18]
Underfull \hbox (badness 10000) in paragraph at lines 314--315

 []


Underfull \hbox (badness 10000) in paragraph at lines 316--317

 []


Overfull \hbox (23.126pt too wide) in paragraph at lines 329--329
[]\OT1/cmtt/m/n/10 I'm in college, and I honestly feel like I'm failing at the 
whole making friends thing.[] 
 []


Overfull \hbox (12.6261pt too wide) in paragraph at lines 329--329
[]\OT1/cmtt/m/n/10 My social anxiety is like a wall between me and any chance o
f connecting with people.[] 
 []


Overfull \hbox (38.87587pt too wide) in paragraph at lines 329--329
[]\OT1/cmtt/m/n/10 I've tried going to events, sitting in the common areas, and
 even trying to talk to people[] 
 []


Overfull \hbox (33.62592pt too wide) in paragraph at lines 329--329
[]\OT1/cmtt/m/n/10 in class, but I just freeze up. My brain goes completely bla
nk, and I end up feeling even[] 
 []


Overfull \hbox (17.87605pt too wide) in paragraph at lines 329--329
[]\OT1/cmtt/m/n/10 more awkward. The worst part is watching everyone else easil
y make friends and feeling[] 
 []


Overfull \hbox (23.126pt too wide) in paragraph at lines 329--329
[]\OT1/cmtt/m/n/10 like there's something wrong with me for not being able to d
o the same. I don't want to[] 
 []


Overfull \hbox (44.12582pt too wide) in paragraph at lines 343--343
[]\OT1/cmtt/m/n/10 I'm going back to college in 1 day and I'm not ready. I'm sc
ared and I feel like my anxiety[] 
 []


Overfull \hbox (54.62573pt too wide) in paragraph at lines 343--343
[]\OT1/cmtt/m/n/10 has gotten worse since the last time I went. Every time I go
 to school I come off as socially[] 
 []


Overfull \hbox (28.37596pt too wide) in paragraph at lines 343--343
[]\OT1/cmtt/m/n/10 awkward and no one wants anything to do with me. I'm tired o
f being lonely and I have no[] 
 []


Overfull \hbox (91.37541pt too wide) in paragraph at lines 343--343
[]\OT1/cmtt/m/n/10 friends. It's all my fault and I can't do anything about it.
 I try to act normal but my brain is too[] 
 []


Overfull \hbox (70.3756pt too wide) in paragraph at lines 343--343
[]\OT1/cmtt/m/n/10 fucked up and I just can't. I'm tired of my existence and I'
m scared of the future. I don't want[] 
 []


Overfull \hbox (59.87569pt too wide) in paragraph at lines 343--343
[]\OT1/cmtt/m/n/10 to die but living is so hard. I don't want to disappoint my 
parents and they think I've gotten[] 
 []

[19]
Overfull \hbox (44.12582pt too wide) in paragraph at lines 343--343
[]\OT1/cmtt/m/n/10 better but I haven't. Sometimes I resent them for bringing m
e into this world. I've had six[] 
 []


Overfull \hbox (65.12564pt too wide) in paragraph at lines 343--343
[]\OT1/cmtt/m/n/10 years to get my shit together yet I couldn't do it. I wish I
 could just sleep through my entire[] 
 []


Overfull \hbox (2.12619pt too wide) in paragraph at lines 371--371
[]\OT1/cmtt/m/n/10 SYSTEM_TEMPLATE = """You are roleplaying as a person in cris
is who originally wrote[] 
 []


Overfull \hbox (2.12619pt too wide) in paragraph at lines 371--371
[]\OT1/cmtt/m/n/10 You are now in a text-based conversation with a therapist. S
tay fully in character.[] 
 []


Underfull \hbox (badness 10000) in paragraph at lines 373--374

 []

[20]
Underfull \hbox (badness 10000) in paragraph at lines 391--392

 []

[21]
Underfull \hbox (badness 10000) in paragraph at lines 393--394

 []


Overfull \hbox (2.12619pt too wide) in paragraph at lines 405--405
[]    \OT1/cmtt/m/n/10 Automatic Thoughts: ["What if I say this or that, am I g
oing to get rejected?",[] 
 []


Overfull \hbox (101.87532pt too wide) in paragraph at lines 405--405
[]    \OT1/cmtt/m/n/10 Behaviors: Ruminates about what might happen when approa
ching someone and often avoids approaching[] 
 []


Overfull \hbox (133.37505pt too wide) in paragraph at lines 416--416
[]    \OT1/cmtt/m/n/10 Behaviors: mood is dependent on others perceptions of he
r and rumminates about small social interactions[] 
 []

[22]
Overfull \hbox (7.37614pt too wide) in paragraph at lines 442--442
[]    \OT1/cmtt/m/n/10 Situation: The patient is about to go on a night out, he
 starts a pregame at his[] 
 []


Overfull \hbox (17.87605pt too wide) in paragraph at lines 442--442
[]                \OT1/cmtt/m/n/10 appartment with 2 of his friends over. He's 
able to really open up and[] 
 []


Overfull \hbox (17.87605pt too wide) in paragraph at lines 442--442
[]                \OT1/cmtt/m/n/10 have fun. His friends then recommend to anot
her buddys house where the[] 
 []


Overfull \hbox (17.87605pt too wide) in paragraph at lines 442--442
[]                \OT1/cmtt/m/n/10 whole friend group of about 20 guys is. It's
 difficult for the patient[] 
 []

[23]
Overfull \hbox (38.87587pt too wide) in paragraph at lines 466--466
[]    \OT1/cmtt/m/n/10 Situation: Patient doesn't completley comprehend a conce
pt from class and they want to[] 
 []


Overfull \hbox (23.126pt too wide) in paragraph at lines 466--466
[]    \OT1/cmtt/m/n/10 Behaviors: Avoids asking for help unless absolutley nece
ssary. Emails the professor[] 
 []


Overfull \hbox (28.37596pt too wide) in paragraph at lines 480--480
[]    \OT1/cmtt/m/n/10 Situation: The patient is in an intro dance where they a
re supposed to reccomend new[] 
 []


Overfull \hbox (2.12619pt too wide) in paragraph at lines 480--480
[]                        \OT1/cmtt/m/n/10 "I haven't been taught to dance why 
should I say anything",[] 
 []


Overfull \hbox (59.87569pt too wide) in paragraph at lines 491--491
[]                        \OT1/cmtt/m/n/10 "They don't really care about talkin
g to me outside of seminar group",[] 
 []


Overfull \hbox (75.62555pt too wide) in paragraph at lines 491--491
[]    \OT1/cmtt/m/n/10 Behaviors: Doesn't join groups and requires heavy extren
al validation to participate in class[] 
 []


Overfull \hbox (70.3756pt too wide) in paragraph at lines 502--502
[]    \OT1/cmtt/m/n/10 Situation: Patient is scared about presenting in English
 given it is not her first langague.[] 
 []

[24]
Overfull \hbox (44.12582pt too wide) in paragraph at lines 514--514
[]    \OT1/cmtt/m/n/10 Situation: Patient has just showed up on campus as a fir
st year and they are looking to[] 
 []


Overfull \hbox (33.62592pt too wide) in paragraph at lines 514--514
[]                        \OT1/cmtt/m/n/10 "I shouldn't go out with them becaus
e they don't really like me",[] 
 []


Overfull \hbox (7.37614pt too wide) in paragraph at lines 514--514
[]    \OT1/cmtt/m/n/10 Behaviors: Stays reserved in social situations to avoid 
showing their true self,[] 
 []


Underfull \hbox (badness 10000) in paragraph at lines 516--517

 []


Overfull \hbox (38.87587pt too wide) in paragraph at lines 533--533
[]                \OT1/cmtt/m/n/10 is often short in his interactions with his 
housemates. He keeps talk to a[] 
 []

[25]
Overfull \hbox (2.12619pt too wide) in paragraph at lines 546--546
[]    \OT1/cmtt/m/n/10 Situation: The patient has a whole world in her head of 
stories and characters,[] 
 []


Overfull \hbox (7.37614pt too wide) in paragraph at lines 546--546
[]                \OT1/cmtt/m/n/10 she is also very engaged in movies and gamin
g. When she gets anxious[] 
 []


Overfull \hbox (44.12582pt too wide) in paragraph at lines 546--546
[]                \OT1/cmtt/m/n/10 in social interactions she just disengages a
nd goes on to imagine her world[] 
 []


Overfull \hbox (12.6261pt too wide) in paragraph at lines 546--546
[]                \OT1/cmtt/m/n/10 just daydreams or thinks about other things 
instead of participating.[] 
 []


Overfull \hbox (7.37614pt too wide) in paragraph at lines 562--562
[]    \OT1/cmtt/m/n/10 Situations: The patient struggles with social interactio
ns in typical university[] 
 []


Overfull \hbox (33.62592pt too wide) in paragraph at lines 562--562
[]                \OT1/cmtt/m/n/10 appearing confident only talking about thing
s she is really knowledgeable[] 
 []


Overfull \hbox (17.87605pt too wide) in paragraph at lines 562--562
[]                        \OT1/cmtt/m/n/10 "They will see me as confident and n
ot ask about the real me"][] 
 []


Overfull \hbox (23.126pt too wide) in paragraph at lines 575--575
[]    \OT1/cmtt/m/n/10 Situations: The patient heavily drinks when he goes out 
to turn into this exuberant[] 
 []


Overfull \hbox (2.12619pt too wide) in paragraph at lines 575--575
[]                \OT1/cmtt/m/n/10 partier. They say high to everyone, talk to 
lots of new people, and[] 
 []


Overfull \hbox (17.87605pt too wide) in paragraph at lines 575--575
[]    \OT1/cmtt/m/n/10 Automatic Thoughts: ["I am only fun when I am drunk", "I
 shouldn't need alcohol to[] 
 []


Overfull \hbox (7.37614pt too wide) in paragraph at lines 575--575
[]    \OT1/cmtt/m/n/10 Behaviors: Drinks frequently and a lot in social situati
ons to feel at ease even[] 
 []

[26]
Chapter 5.
[27

] [28] [29] [30]
Chapter 6.
[31

]
Chapter 7.
[32

]
Chapter 8.
[33

]
Chapter 9.
(./Thesis_draft_1.bbl [34

] [35

] [36]) [37] (./Thesis_draft_1.aux)
 ***********
LaTeX2e <2025-11-01>
L3 programming layer <2026-01-19>
 ***********


LaTeX Warning: There were undefined references.

 ) 
Here is how much of TeX's memory you used:
 7032 strings out of 467525
 108756 string characters out of 5418982
 532675 words of memory out of 5000000
 35832 multiletter control sequences out of 15000+600000
 634909 words of font info for 67 fonts, out of 8000000 for 9000
 1141 hyphenation exceptions out of 8191
 72i,5n,79p,1812b,352s stack positions out of 10000i,1000n,20000p,200000b,200000s
</usr/local/texlive/2026/texmf-dist/fonts/type1/public/amsfonts/cm/cmbx10.pfb
></usr/local/texlive/2026/texmf-dist/fonts/type1/public/amsfonts/cm/cmbx12.pfb>
</usr/local/texlive/2026/texmf-dist/fonts/type1/public/amsfonts/cm/cmcsc10.pfb>
</usr/local/texlive/2026/texmf-dist/fonts/type1/public/amsfonts/cm/cmmi10.pfb><
/usr/local/texlive/2026/texmf-dist/fonts/type1/public/amsfonts/cm/cmr10.pfb></u
sr/local/texlive/2026/texmf-dist/fonts/type1/public/amsfonts/cm/cmr12.pfb></usr
/local/texlive/2026/texmf-dist/fonts/type1/public/amsfonts/cm/cmr17.pfb></usr/l
ocal/texlive/2026/texmf-dist/fonts/type1/public/amsfonts/cm/cmr7.pfb></usr/loca
l/texlive/2026/texmf-dist/fonts/type1/public/amsfonts/cm/cmr9.pfb></usr/local/t
exlive/2026/texmf-dist/fonts/type1/public/amsfonts/cm/cmsl10.pfb></usr/local/te
xlive/2026/texmf-dist/fonts/type1/public/amsfonts/cm/cmsy10.pfb></usr/local/tex
live/2026/texmf-dist/fonts/type1/public/amsfonts/cm/cmti10.pfb></usr/local/texl
ive/2026/texmf-dist/fonts/type1/public/amsfonts/cm/cmtt10.pfb></usr/local/texli
ve/2026/texmf-dist/fonts/type1/public/cm-super/sfrm1000.pfb>
Output written on Thesis_draft_1.pdf (37 pages, 276644 bytes).
PDF statistics:
 197 PDF objects out of 1000 (max. 8388607)
 128 compressed objects within 2 object streams
 0 named destinations out of 1000 (max. 500000)
 1 words of extra memory for PDF output out of 10000 (max. 10000000)

